Microchip MPLAB XC8 Compiler V2.32

Linker command line:

-W-3 --edf=D:\mplab\pic\dat\en_msgs.txt -cn \
  -h+dist/default/production\tapflowe.X.production.sym \
  --cmf=dist/default/production\tapflowe.X.production.cmf -z -Q12F508 \
  -oC:\Users\aslam\AppData\Local\Temp\xcAs8qg.4 --defsym=__MPLAB_BUILD=1 \
  -Mdist/default/production/tapflowe.X.production.map -E1 -ver=XC8 Compiler \
  --acfsm=1493 -ASTACK=0Ah-01Bh -pstack=STACK -ACODE=00h-01FEh \
  -ASTRCODE=00h-01FEh -ASTRING=00h-0FFh -AENTRY=00h-0FFh-01FEh \
  -ABANK0=07h-01Dh -ARAM=07h-01Dh -AABS1=07h-01Fh -ACOMMON=01Ch-01Fh \
  -ASFR0=00h-06h -ACONFIG=0FFFh-0FFFh -DCONFIG=2 -AIDLOC=0200h-0203h \
  -DIDLOC=2 -DCODE=2 -DSTRCODE=2 -DSTRING=2 -DCONST=2 -DENTRY=2 \
  -preset_vec=01ffh,reset_wrap=0h,init,end_init,cinit,clrtext \
  -ppowerup=CODE -pfunctab=ENTRY -pstrings=-STRING -k \
  C:\Users\aslam\AppData\Local\Temp\xcAs8qg.o \
  dist/default/production\tapflowe.X.production.o 

Object code version is 3.11

Machine type is 12F508



                Name                               Link     Load   Length Selector   Space Scale
C:\Users\aslam\AppData\Local\Temp\xcAs8qg.o
                end_init                              0        0        1        0       0
                reset_vec                           1FF      1FF        1      3FE       0
dist/default/production\tapflowe.X.production.o
                cinit                                 1        1        2        0       0
                maintext                            1DF      1DF       20      3BE       0
                cstackBANK0                           7        7        3        7       1

TOTAL           Name                               Link     Load   Length     Space
        CLASS   STACK          

        CLASS   CODE           
                reset_vec                           1FF      1FF        1         0
                maintext                            1DF      1DF       20         0

        CLASS   STRCODE        

        CLASS   STRING         

        CLASS   ENTRY          
                end_init                              0        0        1         0
                cinit                                 1        1        2         0

        CLASS   BANK0          
                cstackBANK0                           7        7        3         1

        CLASS   RAM            

        CLASS   ABS1           
                abs_s1                               1C       1C        4         1

        CLASS   COMMON         

        CLASS   SFR0           

        CLASS   CONFIG         

        CLASS   IDLOC          

        CLASS   CONST          



SEGMENTS        Name                           Load    Length   Top    Selector   Space  Class     Delta

                reset_wrap                     000000  000003  000003         0       0  ENTRY       2
                cstackBANK0                    000007  000003  00000A         7       1  BANK0       1
                maintext                       0001DF  000020  0001FF       3BE       0  CODE        2
                reset_vec                      0001FF  000001  000200       3FE       0  CODE        2


UNUSED ADDRESS RANGES

        Name                Unused          Largest block    Delta
        BANK0            00A-01B            12           1
        CODE             003-1DE           1DC           2
        CONFIG           FFF-FFF             1           2
        ENTRY            003-0FF+0DF         FD           2
        IDLOC            200-203             4           2
        RAM              00A-01B            12           1
        SFR0             000-006             7           1
        STACK            00A-01B            12           1
        STRCODE          003-1DE           1DC           2
        STRING           003-0FF            FD           2

                                  Symbol Table

_GPIObits                (abs)       006
_TRISGPIO                (abs)       006
__Habs1                  abs1        000
__Hbank0                 bank0       000
__Hcinit                 cinit       003
__Hclrtext               clrtext     003
__Hcode                  code        000
__Hcommon                common      000
__HcstackBANK0           cstackBANK0 000
__Hend_init              end_init    001
__Hfunctab               functab     000
__Hinit                  init        000
__Hjmp_tab               jmp_tab     000
__Hmaintext              maintext    000
__Hpowerup               powerup     000
__Hram                   ram         000
__Hreset_vec             reset_vec   200
__Hreset_wrap            reset_wrap  000
__Hsfr0                  sfr0        000
__Hspace_0               (abs)       200
__Hspace_1               (abs)       00A
__Hspace_2               (abs)       000
__Hstack                 stack       000
__Hstrings               strings     000
__Htext                  text        000
__Labs1                  abs1        000
__Lbank0                 bank0       000
__Lcinit                 cinit       001
__Lclrtext               clrtext     003
__Lcode                  code        000
__Lcommon                common      000
__LcstackBANK0           cstackBANK0 000
__Lend_init              end_init    000
__Lfunctab               functab     000
__Linit                  init        000
__Ljmp_tab               jmp_tab     000
__Lmaintext              maintext    000
__Lpowerup               powerup     000
__Lram                   ram         000
__Lreset_vec             reset_vec   1FF
__Lreset_wrap            reset_wrap  000
__Lsfr0                  sfr0        000
__Lspace_0               (abs)       000
__Lspace_1               (abs)       000
__Lspace_2               (abs)       000
__Lstack                 stack       000
__Lstrings               strings     000
__Ltext                  text        000
__S0                     (abs)       1FF
__S1                     (abs)       00A
__S2                     (abs)       000
___int_sp                stack       000
___latbits               (abs)       000
___sp                    stack       000
___stackhi               (abs)       000
___stacklo               (abs)       000
__end_of__initialization cinit       001
__end_of_main            maintext    1FF
__initialization         cinit       001
__pcstackBANK0           cstackBANK0 007
__pmaintext              maintext    1DF
__size_of_main           (abs)       000
_main                    maintext    1DF
btemp                    (abs)       01C
end_of_initialization    cinit       001
ltemp0                   (abs)       01C
nosup@@$_$_CONFIG        (abs)       000
reset_vec                reset_vec   1FF
start                    init        000
start_initialization     cinit       001
ttemp0                   (abs)       01C
wtemp0                   (abs)       01C
wtemp1                   (abs)       01E


MODULE INFORMATION

Module		Function		Class		Link	Load	Size
newmain.c
		_main          		CODE           	01DF	0000	32

newmain.c estimated size: 32

shared
		__initialization		ENTRY          	0001	0000	1

shared estimated size: 1

