Microchip MPLAB XC8 Compiler V2.32

Linker command line:

-W-3 --edf=D:\mplab\pic\dat\en_msgs.txt -cn \
  -h+dist/default/production\automatank.X.production.sym \
  --cmf=dist/default/production\automatank.X.production.cmf -z -Q12F508 \
  -oC:\Users\aslam\AppData\Local\Temp\xcAs9c8.4 --defsym=__MPLAB_BUILD=1 \
  -Mdist/default/production/automatank.X.production.map -E1 \
  -ver=XC8 Compiler --acfsm=1493 -ASTACK=018h-01Bh -pstack=STACK \
  -ACODE=00h-01FEh -ASTRCODE=00h-01FEh -ASTRING=00h-0FFh \
  -AENTRY=00h-0FFh-01FEh -ABANK0=07h-01Dh -ARAM=07h-01Dh -AABS1=07h-01Fh \
  -ACOMMON=01Ch-01Fh -ASFR0=00h-06h -ACONFIG=0FFFh-0FFFh -DCONFIG=2 \
  -AIDLOC=0200h-0203h -DIDLOC=2 -DCODE=2 -DSTRCODE=2 -DSTRING=2 -DCONST=2 \
  -DENTRY=2 -preset_vec=01ffh,reset_wrap=0h,init,end_init,cinit,clrtext \
  -ppowerup=CODE -pfunctab=ENTRY -pstrings=-STRING -k \
  C:\Users\aslam\AppData\Local\Temp\xcAs9c8.o \
  dist/default/production\automatank.X.production.o 

Object code version is 3.11

Machine type is 12F508



                Name                               Link     Load   Length Selector   Space Scale
C:\Users\aslam\AppData\Local\Temp\xcAs9c8.o
                end_init                              0        0        1        0       0
                reset_vec                           1FF      1FF        1      3FE       0
                config                              FFF      FFF        1        0       4
dist/default/production\automatank.X.production.o
                cinit                                 1        1        8        0       0
                config                              FFF      FFF        1        0       4
                text3                                6B       6B       57       D6       0
                text2                                C2       C2       57      184       0
                jmp_tab                               9        9        3        0       0
                text1                                1D       1D       4E       3A       0
                maintext                            119      119       E6      232       0
                cstackBANK0                           7        7        D        7       1
                dataBANK0                            16       16        2        7       1
                bssBANK0                             14       14        2        7       1
                idataBANK0                            C        C        2        0       0

TOTAL           Name                               Link     Load   Length     Space
        CLASS   STACK          

        CLASS   CODE           
                reset_vec                           1FF      1FF        1         0
                text3                                6B       6B       57         0
                text2                                C2       C2       57         0
                text1                                1D       1D       4E         0
                maintext                            119      119       E6         0

        CLASS   STRCODE        

        CLASS   STRING         

        CLASS   ENTRY          
                end_init                              0        0        1         0
                cinit                                 1        1        8         0
                jmp_tab                               9        9        3         0
                idataBANK0                            C        C        2         0

        CLASS   BANK0          
                cstackBANK0                           7        7        D         1
                dataBANK0                            16       16        2         1
                bssBANK0                             14       14        2         1

        CLASS   RAM            

        CLASS   ABS1           
                abs_s1                               1C       1C        4         1

        CLASS   COMMON         

        CLASS   SFR0           

        CLASS   CONFIG         
                config                              FFF      FFF        1         4

        CLASS   IDLOC          

        CLASS   CONST          



SEGMENTS        Name                           Load    Length   Top    Selector   Space  Class     Delta

                reset_wrap                     000000  00000E  00000E         0       0  ENTRY       2
                cstackBANK0                    000007  000011  000018         7       1  BANK0       1
                text1                          00001D  00004E  00006B        3A       0  CODE        2
                text3                          00006B  000057  0000C2        D6       0  CODE        2
                text2                          0000C2  000057  000119       184       0  CODE        2
                maintext                       000119  0000E6  0001FF       232       0  CODE        2
                reset_vec                      0001FF  000001  000200       3FE       0  CODE        2


UNUSED ADDRESS RANGES

        Name                Unused          Largest block    Delta
        BANK0            0018-001B              4           1
        CODE             000E-001C              F           2
        ENTRY            000E-001C              F           2
        IDLOC            0200-0203              4           2
        RAM              0018-001B              4           1
        SFR0             0000-0006              7           1
        STACK            0018-001B              4           1
        STRCODE          000E-001C              F           2
        STRING           000E-001C              F           2

                                  Symbol Table

_GPIObits                (abs)        0006
_OPTION                  (abs)        0000
_TRISGPIO                (abs)        0006
__Habs1                  abs1         0000
__Hbank0                 bank0        0000
__HbssBANK0              bssBANK0     0000
__Hcinit                 cinit        0009
__Hclrtext               clrtext      0009
__Hcode                  code         0000
__Hcommon                common       0000
__Hconfig                config       1000
__HcstackBANK0           cstackBANK0  0000
__HcstackCOMMON          cstackCOMMON 0000
__HdataBANK0             dataBANK0    0000
__Hend_init              end_init     0001
__Hfunctab               functab      0000
__HidataBANK0            idataBANK0   0000
__Hinit                  init         0000
__Hjmp_tab               jmp_tab      0000
__Hmaintext              maintext     0000
__Hpowerup               powerup      0000
__Hram                   ram          0000
__Hreset_vec             reset_vec    0200
__Hreset_wrap            reset_wrap   0000
__Hsfr0                  sfr0         0000
__Hspace_0               (abs)        0200
__Hspace_1               (abs)        0018
__Hspace_2               (abs)        0000
__Hspace_4               (abs)        1FFF
__Hstack                 stack        0000
__Hstrings               strings      0000
__Htext                  text         0000
__Labs1                  abs1         0000
__Lbank0                 bank0        0000
__LbssBANK0              bssBANK0     0000
__Lcinit                 cinit        0001
__Lclrtext               clrtext      0009
__Lcode                  code         0000
__Lcommon                common       0000
__Lconfig                config       0000
__LcstackBANK0           cstackBANK0  0000
__LcstackCOMMON          cstackCOMMON 0000
__LdataBANK0             dataBANK0    0000
__Lend_init              end_init     0000
__Lfunctab               functab      0000
__LidataBANK0            idataBANK0   0000
__Linit                  init         0000
__Ljmp_tab               jmp_tab      0000
__Lmaintext              maintext     0000
__Lpowerup               powerup      0000
__Lram                   ram          0000
__Lreset_vec             reset_vec    01FF
__Lreset_wrap            reset_wrap   0000
__Lsfr0                  sfr0         0000
__Lspace_0               (abs)        0000
__Lspace_1               (abs)        0000
__Lspace_2               (abs)        0000
__Lspace_4               (abs)        0000
__Lstack                 stack        0000
__Lstrings               strings      0000
__Ltext                  text         0000
__S0                     (abs)        01FF
__S1                     (abs)        0018
__S2                     (abs)        0000
___int_sp                stack        0000
___latbits               (abs)        0000
___sp                    stack        0000
___stackhi               (abs)        0000
___stacklo               (abs)        0000
__end_of__initialization cinit        0007
__end_of_first_pulse     text3        00C2
__end_of_main            maintext     01FF
__end_of_second_pulse    text2        0119
__end_of_startmotor      text1        006B
__initialization         cinit        0001
__pbssBANK0              bssBANK0     0014
__pcstackBANK0           cstackBANK0  0007
__pcstackCOMMON          cstackCOMMON 0000
__pdataBANK0             dataBANK0    0016
__pidataBANK0            idataBANK0   000C
__pjmp_tab               jmp_tab      0009
__pmaintext              maintext     0119
__ptext1                 text1        001D
__ptext2                 text2        00C2
__ptext3                 text3        006B
__size_of_first_pulse    (abs)        0000
__size_of_main           (abs)        0000
__size_of_second_pulse   (abs)        0000
__size_of_startmotor     (abs)        0000
_first_pulse             text3        006B
_flg                     bssBANK0     0014
_flg1                    dataBANK0    0016
_main                    maintext     0119
_second_pulse            text2        00C2
_startmotor              text1        001D
btemp                    (abs)        001C
end_of_initialization    cinit        0007
entry__first_pulse       jmp_tab      000B
entry__second_pulse      jmp_tab      000A
entry__startmotor        jmp_tab      0009
first_pulse@i            cstackBANK0  0007
first_pulse@i_77         cstackBANK0  0009
ltemp0                   (abs)        001C
main@i                   cstackBANK0  000E
main@i_73                cstackBANK0  0010
main@i_74                cstackBANK0  0012
reset_vec                reset_vec    01FF
second_pulse@i           cstackBANK0  0007
second_pulse@i_80        cstackBANK0  0009
start                    init         0000
start_initialization     cinit        0001
ttemp0                   (abs)        001C
wtemp0                   (abs)        001C
wtemp1                   (abs)        001E


MODULE INFORMATION

Module		Function		Class		Link	Load	Size
newmain.c
		_second_pulse  		CODE           	00C2	0000	87
		_main          		CODE           	0119	0000	230
		_startmotor    		CODE           	001D	0000	78
		_first_pulse   		CODE           	006B	0000	87

newmain.c estimated size: 482

shared
		__initialization		ENTRY          	0001	0000	6

shared estimated size: 6

