Microchip MPLAB XC8 Compiler V2.32

Linker command line:

-W-3 --edf=D:\mplab\pic\dat\en_msgs.txt -cn \
  -h+dist/default/production\MPLABXProjects.production.sym \
  --cmf=dist/default/production\MPLABXProjects.production.cmf -z -Q12C508 \
  -oC:\Users\aslam\AppData\Local\Temp\xcAs8k.4 --defsym=__MPLAB_BUILD=1 \
  -Mdist/default/production/MPLABXProjects.production.map -E1 \
  -ver=XC8 Compiler --acfsm=1493 -ASTACK=0Ah-01Bh -pstack=STACK \
  -ACODE=00h-01FEh -ASTRCODE=00h-01FEh -ASTRING=00h-0FFh \
  -AENTRY=00h-0FFh-01FEh -ABANK0=07h-01Dh -ARAM=07h-01Dh -AABS1=07h-01Fh \
  -ACOMMON=01Ch-01Fh -ASFR0=00h-06h -ACONFIG=0FFFh-0FFFh -DCONFIG=2 \
  -AIDLOC=0200h-0203h -DIDLOC=2 -DCODE=2 -DSTRCODE=2 -DSTRING=2 -DCONST=2 \
  -DENTRY=2 -preset_vec=01ffh,reset_wrap=0h,init,end_init,cinit,clrtext \
  -ppowerup=CODE -pfunctab=ENTRY -pstrings=-STRING -k \
  C:\Users\aslam\AppData\Local\Temp\xcAs8k.o \
  dist/default/production\MPLABXProjects.production.o 

Object code version is 3.11

Machine type is 12C508



                Name                               Link     Load   Length Selector   Space Scale
C:\Users\aslam\AppData\Local\Temp\xcAs8k.o
                end_init                              0        0        1        0       0
                reset_vec                           1FF      1FF        1      3FE       0
                config                              FFF      FFF        1        0       4
dist/default/production\MPLABXProjects.production.o
                cinit                                 1        1        2        0       0
                config                              FFF      FFF        1        0       4
                maintext                            1D9      1D9       26      3B2       0
                cstackBANK0                           7        7        3        7       1

TOTAL           Name                               Link     Load   Length     Space
        CLASS   STACK          

        CLASS   CODE           
                reset_vec                           1FF      1FF        1         0
                maintext                            1D9      1D9       26         0

        CLASS   STRCODE        

        CLASS   STRING         

        CLASS   ENTRY          
                end_init                              0        0        1         0
                cinit                                 1        1        2         0

        CLASS   BANK0          
                cstackBANK0                           7        7        3         1

        CLASS   RAM            

        CLASS   ABS1           
                abs_s1                               1C       1C        4         1

        CLASS   COMMON         

        CLASS   SFR0           

        CLASS   CONFIG         
                config                              FFF      FFF        1         4

        CLASS   IDLOC          

        CLASS   CONST          



SEGMENTS        Name                           Load    Length   Top    Selector   Space  Class     Delta

                reset_wrap                     000000  000003  000003         0       0  ENTRY       2
                cstackBANK0                    000007  000003  00000A         7       1  BANK0       1
                maintext                       0001D9  000026  0001FF       3B2       0  CODE        2
                reset_vec                      0001FF  000001  000200       3FE       0  CODE        2


UNUSED ADDRESS RANGES

        Name                Unused          Largest block    Delta
        BANK0            000A-001B             12           1
        CODE             0003-01D8            1D6           2
        ENTRY            0003-00FF+00D9         FD           2
        IDLOC            0200-0203              4           2
        RAM              000A-001B             12           1
        SFR0             0000-0006              7           1
        STACK            000A-001B             12           1
        STRCODE          0003-01D8            1D6           2
        STRING           0003-00FF             FD           2

                                  Symbol Table

_GPIObits                (abs)       0006
_OPTION                  (abs)       0000
_TRISGPIO                (abs)       0006
__Habs1                  abs1        0000
__Hbank0                 bank0       0000
__Hcinit                 cinit       0003
__Hclrtext               clrtext     0003
__Hcode                  code        0000
__Hcommon                common      0000
__Hconfig                config      1000
__HcstackBANK0           cstackBANK0 0000
__Hend_init              end_init    0001
__Hfunctab               functab     0000
__Hinit                  init        0000
__Hjmp_tab               jmp_tab     0000
__Hmaintext              maintext    0000
__Hpowerup               powerup     0000
__Hram                   ram         0000
__Hreset_vec             reset_vec   0200
__Hreset_wrap            reset_wrap  0000
__Hsfr0                  sfr0        0000
__Hspace_0               (abs)       0200
__Hspace_1               (abs)       000A
__Hspace_2               (abs)       0000
__Hspace_4               (abs)       1FFF
__Hstack                 stack       0000
__Hstrings               strings     0000
__Htext                  text        0000
__Labs1                  abs1        0000
__Lbank0                 bank0       0000
__Lcinit                 cinit       0001
__Lclrtext               clrtext     0003
__Lcode                  code        0000
__Lcommon                common      0000
__Lconfig                config      0000
__LcstackBANK0           cstackBANK0 0000
__Lend_init              end_init    0000
__Lfunctab               functab     0000
__Linit                  init        0000
__Ljmp_tab               jmp_tab     0000
__Lmaintext              maintext    0000
__Lpowerup               powerup     0000
__Lram                   ram         0000
__Lreset_vec             reset_vec   01FF
__Lreset_wrap            reset_wrap  0000
__Lsfr0                  sfr0        0000
__Lspace_0               (abs)       0000
__Lspace_1               (abs)       0000
__Lspace_2               (abs)       0000
__Lspace_4               (abs)       0000
__Lstack                 stack       0000
__Lstrings               strings     0000
__Ltext                  text        0000
__S0                     (abs)       01FF
__S1                     (abs)       000A
__S2                     (abs)       0000
___int_sp                stack       0000
___latbits               (abs)       0000
___sp                    stack       0000
___stackhi               (abs)       0000
___stacklo               (abs)       0000
__end_of__initialization cinit       0001
__end_of_main            maintext    01FF
__initialization         cinit       0001
__pcstackBANK0           cstackBANK0 0007
__pmaintext              maintext    01D9
__size_of_main           (abs)       0000
_main                    maintext    01D9
btemp                    (abs)       001C
end_of_initialization    cinit       0001
ltemp0                   (abs)       001C
reset_vec                reset_vec   01FF
start                    init        0000
start_initialization     cinit       0001
ttemp0                   (abs)       001C
wtemp0                   (abs)       001C
wtemp1                   (abs)       001E


MODULE INFORMATION

Module		Function		Class		Link	Load	Size
shared
		__initialization		ENTRY          	0001	0000	1

shared estimated size: 1

newmain1.c
		_main          		CODE           	01D9	0000	38

newmain1.c estimated size: 38

